[visiovista.com/index.html]
[backblue.gif]
[fade.gif]
[index.html]
[visiovista.com/feed/index.html]
[visiovista.com/comments/feed/index.html]
[visiovista.com/wp-content/cache/wpfc-minified/eb896f45855998e2ebd645b3b6cb81c5/1553008773index.js]
[visiovista.com/xmlrpc0db0.php]
[visiovista.com/wp-json/index.html]
[visiovista.com/wp-includes/wlwmanifest.xml]
[visiovista.com/wp-json/oembed/1.0/embed6f8e.json]
[visiovista.com/wp-json/oembed/1.0/embedd3d8]
[visiovista.com/wp-content/uploads/2017/04/final-logo-1.14.delayed]
[visiovista.com/wp-content/uploads/2017/04/final-logo.png]
[visiovista.com/wp-content/uploads/2017/04/desk-wallpaper-2400x1350-1600x800.jpg]
[visiovista.com/wp-content/uploads/2017/04/visiovista_home_slider3.jpg]
[visiovista.com/service/index.html]
[visiovista.com/wp-content/uploads/2017/04/3067983-180x180.jpg]
[visiovista.com/protfolio/index.html]
[visiovista.com/wp-content/uploads/2017/04/11f3e40-180x180.jpg]
[visiovista.com/about-us/index.html]
[visiovista.com/wp-content/uploads/2017/04/32b8bff-180x180.jpg]
[visiovista.com/wp-content/uploads/2017/04/149c91d.jpg]
[visiovista.com/contact-us/index.html]
[visiovista.com/blog/index.html]
[visiovista.com/wp-content/uploads/2017/04/paypal_PNG14.png]
[visiovista.com/wp-content/uploads/2017/04/payoneer.png]
[visiovista.com/wp-content/uploads/2017/04/skrill-900x418.png]
[visiovista.com/wp-content/themes/Divi/includes/builder/scripts/frontend-builder-global-functions41fe.js]
[visiovista.com/wp-content/plugins/contact-form-7/includes/js/jquery.form.mind03d.js]
[visiovista.com/wp-content/plugins/contact-form-7/includes/js/scripts4906.js]
[visiovista.com/wp-content/themes/Divi/includes/builder/scripts/jquery.mobile.custom.min41fe.js]
[visiovista.com/wp-content/themes/Divi/js/custom41fe.js]
[visiovista.com/wp-content/themes/Divi/js/smoothscroll41fe.js]
[visiovista.com/wp-content/themes/Divi/includes/builder/scripts/jquery.fitvids41fe.js]
[visiovista.com/wp-content/themes/Divi/includes/builder/scripts/waypoints.min41fe.js]
[visiovista.com/wp-content/themes/Divi/includes/builder/scripts/jquery.magnific-popup41fe.js]
[visiovista.com/wp-content/themes/Divi/includes/builder/scripts/frontend-builder-scripts41fe.js]
[visiovista.com/wp-includes/js/wp-embed.mina721.js]
[visiovista.com/wp-content/themes/Divi/includes/builder/scripts/jquery.easypiechart41fe.js]
[visiovista.com/index.html]
[visiovista.com/xmlrpc.php]
[visiovista.com/wp-content/plugins/testimonial-add/css/custom_stylea721.css]
[visiovista.com/wp-content/plugins/testimonial-add/owl-carousel/grabbing.png]
[visiovista.com/wp-content/plugins/testimonial-add/owl-carousel/owl.carousela721.css]
[visiovista.com/wp-content/plugins/testimonial-add/owl-carousel/AjaxLoader.gif]
[visiovista.com/wp-content/plugins/testimonial-add/owl-carousel/owl.themea721.css]
[visiovista.com/wp-content/plugins/testimonial-add/owl-carousel/owl.transitionsa721.css]
[visiovista.com/wp-content/plugins/contact-form-7/images/ajax-loader.gif]
[visiovista.com/wp-content/plugins/contact-form-7/includes/css/styles4906.css]
[www.google.com/recaptcha/api/img/red/sprite.png]
[visiovista.com/wp-content/plugins/google-captcha/css/gglcptchfbd4.css]
[visiovista.com/wp-content/plugins/social-icons/assets/fonts/socicon.eot]
[visiovista.com/wp-content/plugins/social-icons/assets/fonts/socicon.woff]
[visiovista.com/wp-content/plugins/social-icons/assets/fonts/socicond41d.eot]
[visiovista.com/wp-content/plugins/social-icons/assets/fonts/socicon.ttf]
[visiovista.com/wp-content/plugins/social-icons/assets/css/social-icons91ce.css]
[visiovista.com/wp-content/plugins/social-pug/assets/fonts/socialpugbb91.eot]
[visiovista.com/wp-content/plugins/social-pug/assets/fonts/socialpugd41d.eot]
[visiovista.com/wp-content/plugins/social-pug/assets/fonts/socialpug.woff]
[visiovista.com/wp-content/plugins/social-pug/assets/fonts/socialpug.ttf]
[visiovista.com/wp-content/plugins/social-pug/assets/css/style-frontenda721.css]
[visiovista.com/wp-content/plugins/wp-live-chat-support/fonts/fontawesome-webfont5b62.eot]
[visiovista.com/wp-content/plugins/wp-live-chat-support/fonts/fontawesome-webfontd41d.eot]
[visiovista.com/wp-content/plugins/wp-live-chat-support/fonts/fontawesome-webfont5b62.woff2]
[visiovista.com/wp-content/plugins/wp-live-chat-support/fonts/fontawesome-webfont5b62.woff]
[visiovista.com/wp-content/plugins/wp-live-chat-support/fonts/fontawesome-webfont5b62.ttf]
[visiovista.com/wp-content/plugins/wp-live-chat-support/css/font-awesome.mina721.css]
[visiovista.com/wp-content/plugins/wp-live-chat-support/css/wplcstylea721.css]
[visiovista.com/wp-content/plugins/wp-live-chat-support/css/themes/theme-1a721.css]
[visiovista.com/wp-content/plugins/wp-live-chat-support/css/themes/moderna721.css]
[visiovista.com/wp-content/plugins/wp-live-chat-support/css/themes/position-bottom-righta721.css]
[visiovista.com/wp-content/themes/Divi/core/admin/fonts/modules.eot]
[visiovista.com/wp-content/themes/Divi/includes/builder/styles/images/subscribe-loader.gif]
[visiovista.com/wp-content/themes/Divi/includes/builder/styles/images/preloader.gif]
[visiovista.com/wp-content/themes/Divi/core/admin/fonts/modulesd41d.eot]
[visiovista.com/wp-content/themes/Divi/epanel/shortcodes/images/shortcodes-sprite.png]
[visiovista.com/wp-content/cache/wpfc-minified/d793d1e6db4e3d34c271155c75514ddc/1493281003index.css]
[visiovista.com/wp-content/uploads/2017/04/final-logo-1.html]
[visiovista.com/wp-json/oembed/1.0/embeddb1f.json]
[visiovista.com/wp-json/oembed/1.0/embed5538]
[visiovista.com/wp-content/uploads/2017/04/visiovista_service.jpg]
[visiovista.com/wp-content/uploads/2017/04/visiovista.mp4]
[visiovista.com/wp-content/uploads/2017/04/visiovista-photoshop-1.jpg]
[visiovista.com/wp-content/uploads/2017/04/visiovistaecommerce-1.jpg]
[visiovista.com/wp-content/uploads/2017/04/visiovista-webdesing-1.jpg]
[visiovista.com/wp-content/uploads/2017/04/3d-service.png]
[visiovista.com/wp-content/uploads/2017/04/ecommerce-product-data-entry.png]
[visiovista.com/wp-includes/js/mediaelement/mediaelement-and-player.min51cd.js]
[visiovista.com/wp-includes/js/mediaelement/wp-mediaelement.mina721.js]
[visiovista.com/service/index.html]
[visiovista.com/wp-json/oembed/1.0/embed600b.json]
[visiovista.com/wp-json/oembed/1.0/embedc62a]
[visiovista.com/wp-content/uploads/2017/04/portfolio-banner-1.jpg]
[visiovista.com/wp-content/uploads/2017/04/3d-Modeling.jpg]
[visiovista.com/project/3d-modeling/index.html]
[visiovista.com/wp-content/uploads/2017/04/drop-shadow.jpg]
[visiovista.com/wp-content/uploads/2017/04/Background-Removal.jpg]
[visiovista.com/project/drop-shadow/index.html]
[visiovista.com/project/background-removal/index.html]
[visiovista.com/wp-content/uploads/2017/04/3d-redesing.jpg]
[visiovista.com/wp-content/uploads/2017/04/showcase-logo1.jpg]
[visiovista.com/project/3d-re-desing/index.html]
[visiovista.com/wp-content/uploads/2017/04/mirror-effect-1.jpg]
[visiovista.com/wp-content/uploads/2017/04/Retouch.jpg]
[visiovista.com/project/logo-design/index.html]
[visiovista.com/wp-content/uploads/2017/04/vection.jpg]
[visiovista.com/project/mirror-effect/index.html]
[visiovista.com/wp-content/themes/Divi/includes/builder/scripts/jquery.hashchange41fe.js]
[visiovista.com/protfolio/index.html]
[visiovista.com/project/retouch/index.html]
[visiovista.com/wp-json/oembed/1.0/embed9032.json]
[visiovista.com/project/vector-conversion/index.html]
[visiovista.com/wp-json/oembed/1.0/embed8e20]
[visiovista.com/wp-content/uploads/2017/04/visiovista-about-1.jpg]
[visiovista.com/wp-content/uploads/2017/04/company-visto.jpg]
[visiovista.com/wp-content/uploads/2017/04/visiovista-about2.png]
[visiovista.com/about-us/index.html]
[visiovista.com/wp-json/oembed/1.0/embedc661.json]
[visiovista.com/wp-json/oembed/1.0/embedac3c]
[visiovista.com/wp-content/uploads/2017/04/contact3.jpg]
[www.google.com/recaptcha/apiae20.js]
[visiovista.com/contact-us/index.html]
[visiovista.com/wp-login.html]
[visiovista.com/blog/index.html]
[visiovista.com/how-to-choose-academic-paper-editing-service/index.html]
[visiovista.com/blog/page/2/index.html]
[visiovista.com/wp-content/plugins/social-icons/assets/fonts/socicon.svg]
[visiovista.com/top-dating-guidelines-for-men-that-are-really/index.html]
[visiovista.com/author/admin/index.html]
[visiovista.com/wp-content/plugins/social-pug/assets/fonts/socialpug.svg]
[visiovista.com/category/uncategorized/index.html]
[visiovista.com/kinds-of-ukrainian-women-you-might-be-very-likely-4/index.html]
[visiovista.com/wp-content/plugins/wp-live-chat-support/fonts/fontawesome-webfont5b62.svg]
[visiovista.com/category/legit-online-dating-sites/index.html]
[visiovista.com/we-re-conscious-that-our-clients-assignment/index.html]
[visiovista.com/category/webcams-reviews/index.html]
[visiovista.com/whenever-you-ve-settled-on-composing-essay/index.html]
[visiovista.com/the-advance-of-knowledge-throughout-buy-essay/index.html]
[visiovista.com/index5cfa.html]
[visiovista.com/monitoramento-e-manutencao-de-sitios-por-que-a-configuracao-do-seu-site-e-exclusivamente-o-comeco-como-fazer-um-blog-personalizado/index.html]
[visiovista.com/scholarships-with-june-2015-deadlines-2/index.html]
[visiovista.com/help-me-write-my-essay-reviews-amp-guide/index.html]
[visiovista.com/wp-content/uploads/2017/04/visiovista.html]
[visiovista.com/online-writing-websites-explained-12/index.html]
[visiovista.com/wp-content/cache/wpfc-minified/4e2687575d46f5b2335b9a083a558cf8/1493281003index.css]
[visiovista.com/index153d.html]
[visiovista.com/category/online-essay-writers-247/index.html]
[visiovista.com/wp-json/oembed/1.0/embedc4e6.json]
[visiovista.com/project/3d-modeling/feed/index.html]
[visiovista.com/wp-json/oembed/1.0/embed798c]
[visiovista.com/wp-includes/js/comment-reply.mina721.js]
[visiovista.com/wp-content/plugins/google-captcha/js/pre-api-scriptfbd4.js]
[www.google.com/recaptcha/api93e3.js]
[visiovista.com/project_category/3d-modeling/index.html]
[visiovista.com/wp-content/plugins/google-captcha/js/scriptfbd4.js]
[visiovista.com/project/3d-modeling/index.html]
[visiovista.com/wp-json/oembed/1.0/embed2b36.json]
[visiovista.com/project/drop-shadow/feed/index.html]
[visiovista.com/wp-json/oembed/1.0/embedaac7]
[visiovista.com/project/drop-shadow/index.html]
[visiovista.com/wp-json/oembed/1.0/embed75f0.json]
[visiovista.com/project/background-removal/feed/index.html]
[visiovista.com/project_category/drop-shadow/index.html]
[visiovista.com/wp-json/oembed/1.0/embed28c7]
[visiovista.com/project/background-removal/index.html]
[visiovista.com/wp-json/oembed/1.0/embed541e.json]
[visiovista.com/project/3d-re-desing/feed/index.html]
[visiovista.com/project_category/background-removal/index.html]
[visiovista.com/wp-json/oembed/1.0/embed3d91]
[visiovista.com/project/3d-re-desing/index.html]
[visiovista.com/wp-json/oembed/1.0/embeda402.json]
[visiovista.com/project_category/3d-re-desing/index.html]
[visiovista.com/project/logo-design/feed/index.html]
[visiovista.com/wp-json/oembed/1.0/embedb3fa]
[visiovista.com/project/logo-design/index.html]
[visiovista.com/wp-json/oembed/1.0/embed0273.json]
[visiovista.com/project_category/logo/index.html]
[visiovista.com/project/mirror-effect/feed/index.html]
[visiovista.com/wp-json/oembed/1.0/embed77ea]
[visiovista.com/project/mirror-effect/index.html]
[visiovista.com/wp-json/oembed/1.0/embed7ba9.json]
[visiovista.com/project/retouch/feed/index.html]
[visiovista.com/project_category/mirror-effect/index.html]
[visiovista.com/wp-json/oembed/1.0/embed0621]
[visiovista.com/project/retouch/index.html]
[visiovista.com/wp-json/oembed/1.0/embed5e26.json]
[visiovista.com/project_category/retouch/index.html]
[visiovista.com/project/vector-conversion/feed/index.html]
[visiovista.com/wp-json/oembed/1.0/embede71e]
[visiovista.com/project/vector-conversion/index.html]
[visiovista.com/index5c36.html]
[visiovista.com/index648c.html]
[visiovista.com/blog/page/2/index.html]
[visiovista.com/the-most-popular-best-writing-sites/index.html]
[visiovista.com/when-you-need-to-cite-six-writers-affordable/index.html]
[visiovista.com/how-exactly-to-compose-a-correspondence-essay-7/index.html]
[visiovista.com/just-how-to-buy-persuasive-essay-online/index.html]
[visiovista.com/blog/page/3/index.html]
[visiovista.com/structure-of-a-phrase-paper-from-primary-parts-7/index.html]
[visiovista.com/wp-json/oembed/1.0/embedbe56.json]
[visiovista.com/category/best-writing-paper/index.html]
[visiovista.com/simple-tips-to-describe-yourself-on-a-dating-9/index.html]
[visiovista.com/category/essay-writing-online/index.html]
[visiovista.com/category/essay-writer-cheap/index.html]
[visiovista.com/scientific-dissertation-the-information-and-11/index.html]
[visiovista.com/identifying-good-term-paper-solutions/index.html]
[visiovista.com/you-re-in-a-place-professional-essay-writing/index.html]
[visiovista.com/wp-json/oembed/1.0/embed16d3]
[visiovista.com/499-2/index.html]
[visiovista.com/how-to-choose-academic-paper-editing-service/index.html]
[visiovista.com/category/real-mail-order-brides/index.html]
[visiovista.com/category/do-my-assignment/index.html]
[visiovista.com/author/admin/index.html]
[visiovista.com/category/uncategorized/index.html]
[visiovista.com/how-to-choose-academic-paper-editing-service/feed/index.html]
[visiovista.com/wp-json/oembed/1.0/embed2257.json]
[visiovista.com/top-dating-guidelines-for-men-that-are-really/feed/index.html]
[visiovista.com/category/uncategorized/feed/index.html]
[visiovista.com/category/uncategorized/page/2/index.html]
[visiovista.com/wp-json/oembed/1.0/embededd5]
[visiovista.com/top-dating-guidelines-for-men-that-are-really/index.html]
[visiovista.com/category/legit-online-dating-sites/index.html]
[visiovista.com/category/legit-online-dating-sites/feed/index.html]
[visiovista.com/wp-json/oembed/1.0/embed9c91.json]
[visiovista.com/kinds-of-ukrainian-women-you-might-be-very-likely-4/feed/index.html]
[visiovista.com/wp-json/oembed/1.0/embedcce7]
[visiovista.com/kinds-of-ukrainian-women-you-might-be-very-likely-4/index.html]
[visiovista.com/category/webcams-reviews/index.html]
[visiovista.com/wp-json/oembed/1.0/embed63b6.json]
[visiovista.com/category/webcams-reviews/feed/index.html]
[visiovista.com/we-re-conscious-that-our-clients-assignment/feed/index.html]
[visiovista.com/wp-json/oembed/1.0/embeda129]
[blog.internationalstudent.com/wp-content/uploads/2011/01/student-books.jpg]
[visiovista.com/we-re-conscious-that-our-clients-assignment/index.html]
[visiovista.com/wp-json/oembed/1.0/embedf39e.json]
[visiovista.com/whenever-you-ve-settled-on-composing-essay/feed/index.html]
[visiovista.com/wp-json/oembed/1.0/embed16c2]
[visiovista.com/whenever-you-ve-settled-on-composing-essay/index.html]
[visiovista.com/wp-json/oembed/1.0/embed0edd.json]
[visiovista.com/the-advance-of-knowledge-throughout-buy-essay/feed/index.html]
[visiovista.com/wp-json/oembed/1.0/embed90bc]
[freeology.com/wp-content/files/bloomingorange-thumb.png]
[visiovista.com/the-advance-of-knowledge-throughout-buy-essay/index.html]
[visiovista.com/wp-json/oembed/1.0/embedb502.json]
[visiovista.com/monitoramento-e-manutencao-de-sitios-por-que-a-configuracao-do-seu-site-e-exclusivamente-o-comeco-como-fazer-um-blog-personalizado/feed/index.html]
[visiovista.com/wp-json/oembed/1.0/embedd1e3]
[cdn.uconnectlabs.com/wp-content/uploads/sites/5/2017/12/20170301155447.jpg]
[visiovista.com/monitoramento-e-manutencao-de-sitios-por-que-a-configuracao-do-seu-site-e-exclusivamente-o-comeco-como-fazer-um-blog-personalizado/index.html]
[visiovista.com/wp-json/oembed/1.0/embed5e7e.json]
[visiovista.com/scholarships-with-june-2015-deadlines-2/feed/index.html]
[visiovista.com/wp-json/oembed/1.0/embedc283]
[visiovista.com/scholarships-with-june-2015-deadlines-2/index.html]
[visiovista.com/wp-json/oembed/1.0/embedfcff.json]
[visiovista.com/help-me-write-my-essay-reviews-amp-guide/feed/index.html]
[visiovista.com/wp-json/oembed/1.0/embed4dda]
[visiovista.com/help-me-write-my-essay-reviews-amp-guide/index.html]
[visiovista.com/wp-json/oembed/1.0/embed07b1.json]
[visiovista.com/online-writing-websites-explained-12/feed/index.html]
[visiovista.com/wp-json/oembed/1.0/embed54f9]
[visiovista.com/online-writing-websites-explained-12/index.html]
[visiovista.com/category/online-essay-writers-247/index.html]
[visiovista.com/wp-content/plugins/testimonial-add/owl-carousel/owl.carousela721.js]
[visiovista.com/category/online-essay-writers-247/feed/index.html]
[visiovista.com/wp-loginc2b6.html]
[visiovista.com/wp-login.html]
[visiovista.com/wp-includes/js/mediaelement/bigplay.svg]
[visiovista.com/index1a26.html]
[visiovista.com/project_category/3d-modeling/index.html]
[visiovista.com/index86fa.html]
[visiovista.com/project_category/drop-shadow/index.html]
[visiovista.com/project_category/3d-modeling/feed/index.html]
[visiovista.com/project_category/drop-shadow/feed/index.html]
[visiovista.com/index31a3.html]
[visiovista.com/project_category/background-removal/index.html]
[visiovista.com/index1c00.html]
[visiovista.com/project_category/3d-re-desing/index.html]
[visiovista.com/index5070.html]
[visiovista.com/project_category/logo/index.html]
[visiovista.com/indexdb84.html]
[visiovista.com/project_category/mirror-effect/index.html]
[visiovista.com/project_category/background-removal/feed/index.html]
[visiovista.com/project_category/3d-re-desing/feed/index.html]
[visiovista.com/index7737.html]
[visiovista.com/project_category/retouch/index.html]
[visiovista.com/indexd78c.html]
[visiovista.com/blog/page/3/index.html]
[visiovista.com/project_category/logo/feed/index.html]
[visiovista.com/project_category/mirror-effect/feed/index.html]
[visiovista.com/497-2/index.html]
[visiovista.com/project_category/retouch/feed/index.html]
[visiovista.com/495-2/index.html]
[visiovista.com/up-in-arms-about-the-help-movie-review-essay/index.html]
[visiovista.com/do-adult-sites-that-are-dating-work-3/index.html]
[visiovista.com/blog/page/4/index.html]
[visiovista.com/wp-json/oembed/1.0/embed51ea.json]
[visiovista.com/the-lab-statement-working-example-biolog-diaries/index.html]
[visiovista.com/want-to-know-additional-information-about-clinical-doc-instance-of-this-biolog/index.html]
[visiovista.com/ways-to-get-needed-research-study-help-online-from/index.html]
[visiovista.com/category/best-online-dating-sites/index.html]
[visiovista.com/wp-json/oembed/1.0/embed0da3]
[visiovista.com/the-most-popular-best-writing-sites/index.html]
[visiovista.com/category/paper-writing-help/index.html]
[visiovista.com/main-reasons-why-more-and-more-people-will-3/index.html]
[visiovista.com/the-maximum-dismissed-resolution-for-medical-assertion-example-biolog/index.html]
[visiovista.com/category/online-custom-writers/index.html]
[visiovista.com/new-innovative-concepts-into-clinical-assertion-scenario-biolog-in-no-way-previous-to-unveiled/index.html]
[visiovista.com/the-most-popular-best-writing-sites/feed/index.html]
[visiovista.com/wp-json/oembed/1.0/embedbc5f.json]
[visiovista.com/when-you-need-to-cite-six-writers-affordable/feed/index.html]
[visiovista.com/wp-json/oembed/1.0/embed7c7c]
[www.eecs.mit.edu/sites/default/files/6-2_0.png]
[visiovista.com/when-you-need-to-cite-six-writers-affordable/index.html]
[visiovista.com/wp-json/oembed/1.0/embed9ddf.json]
[visiovista.com/how-exactly-to-compose-a-correspondence-essay-7/feed/index.html]
[visiovista.com/wp-json/oembed/1.0/embed24aa]
[visiovista.com/how-exactly-to-compose-a-correspondence-essay-7/index.html]
[visiovista.com/category/best-writing-paper/index.html]
[visiovista.com/category/best-writing-paper/feed/index.html]
[visiovista.com/wp-json/oembed/1.0/embed784f.json]
[visiovista.com/just-how-to-buy-persuasive-essay-online/feed/index.html]
[visiovista.com/wp-json/oembed/1.0/embedebe4]
[visiovista.com/just-how-to-buy-persuasive-essay-online/index.html]
[visiovista.com/category/essay-writing-online/index.html]
[visiovista.com/wp-json/oembed/1.0/embed0a95.json]
[visiovista.com/category/essay-writing-online/feed/index.html]
[visiovista.com/structure-of-a-phrase-paper-from-primary-parts-7/feed/index.html]
[visiovista.com/wp-json/oembed/1.0/embed47ff]
[visiovista.com/structure-of-a-phrase-paper-from-primary-parts-7/index.html]
[visiovista.com/category/essay-writer-cheap/index.html]
[visiovista.com/wp-json/oembed/1.0/embed463a.json]
[visiovista.com/category/essay-writer-cheap/feed/index.html]
[visiovista.com/simple-tips-to-describe-yourself-on-a-dating-9/feed/index.html]
[visiovista.com/wp-json/oembed/1.0/embedf368]
[visiovista.com/simple-tips-to-describe-yourself-on-a-dating-9/index.html]
[visiovista.com/category/real-mail-order-brides/index.html]
[visiovista.com/wp-json/oembed/1.0/embed7748.json]
[visiovista.com/category/real-mail-order-brides/feed/index.html]
[visiovista.com/scientific-dissertation-the-information-and-11/feed/index.html]
[visiovista.com/wp-json/oembed/1.0/embed2e89]
[visiovista.com/scientific-dissertation-the-information-and-11/index.html]
[visiovista.com/category/do-my-assignment/index.html]
[visiovista.com/wp-json/oembed/1.0/embed0874.json]
[visiovista.com/category/do-my-assignment/feed/index.html]
[visiovista.com/identifying-good-term-paper-solutions/feed/index.html]
[visiovista.com/wp-json/oembed/1.0/embed2393]
[upload.wikimedia.org/wikipedia/en/0/04/University_of_Northwestern_Ohio_logo.png]
[visiovista.com/identifying-good-term-paper-solutions/index.html]
[visiovista.com/wp-json/oembed/1.0/embed7b2d.json]
[visiovista.com/you-re-in-a-place-professional-essay-writing/feed/index.html]
[visiovista.com/wp-json/oembed/1.0/embed0cb0]
[www.law.ox.ac.uk/sites/files/oxlaw/styles/body_text_image__width_400px_/public/saldgpagea458.jpg]
[visiovista.com/you-re-in-a-place-professional-essay-writing/index.html]
[visiovista.com/499-2/feed/index.html]
[visiovista.com/wp-json/oembed/1.0/embedd119.json]
[visiovista.com/wp-json/oembed/1.0/embed1ffb]
[visiovista.com/499-2/index.html]
[visiovista.com/indexc9d1.html]
[visiovista.com/category/uncategorized/page/2/index.html]
[visiovista.com/indexbcc1.html]
[visiovista.com/index7cc7.html]
[visiovista.com/index3a3f.html]
[visiovista.com/indexfded.html]
[visiovista.com/indexfbc0.html]
[visiovista.com/index9a9b.html]
[visiovista.com/index960c.html]
[visiovista.com/index27cd.html]
[visiovista.com/index16bc.html]
[visiovista.com/wp-loginc2b6.html]
[visiovista.com/blog/page/4/index.html]
[visiovista.com/category/uncategorized/page/3/index.html]
[visiovista.com/blog/page/5/index.html]
[visiovista.com/topmost-analysis-laboratory-insider-report-circumstance-biolog-client-critiques/index.html]
[visiovista.com/wp-json/oembed/1.0/embedb291.json]
[visiovista.com/ruthless-clinical-assertion-instance-of-this-biolog-tips-and-techniques-exploited/index.html]
[visiovista.com/the-right-direction-and-a-great-deal-of-hard/index.html]
[visiovista.com/wp-json/oembed/1.0/embed90d2]
[visiovista.com/the-down-side-probable-for-assist-me-with-my-essay-that-no-person-is-speaking-of/index.html]
[visiovista.com/very-nearly-all-you-need-to-write-better-7/index.html]
[visiovista.com/497-2/index.html]
[visiovista.com/category/best-essay-writing-tips/index.html]
[visiovista.com/to-buy-dissertation-on-the-web-is-easy-and-cheap/index.html]
[visiovista.com/to-be-able-to-ensure-that-we-ve-buy-an-essay/index.html]
[visiovista.com/you-learn-how-to-structure-the-smashing-cheap/index.html]
[visiovista.com/category/custom-written-essays/index.html]
[visiovista.com/wp-json/oembed/1.0/embedef88]
[visiovista.com/category/paid-essays-for-students/index.html]
[visiovista.com/what-you-may-not-learn-about-british-essay-writing/index.html]
[visiovista.com/wp-json/oembed/1.0/embed4c25]
[visiovista.com/the-best-way-to-obtain-the-grade-buy-argumentative/index.html]
[visiovista.com/497-2/feed/index.html]
[visiovista.com/495-2/index.html]
[visiovista.com/495-2/feed/index.html]
[visiovista.com/wp-json/oembed/1.0/embed95d2.json]
[visiovista.com/up-in-arms-about-the-help-movie-review-essay/feed/index.html]
[visiovista.com/wp-json/oembed/1.0/embedb8fb]
[visiovista.com/up-in-arms-about-the-help-movie-review-essay/index.html]
[visiovista.com/wp-json/oembed/1.0/embed457e.json]
[visiovista.com/do-adult-sites-that-are-dating-work-3/feed/index.html]
[visiovista.com/wp-json/oembed/1.0/embed87fb]
[visiovista.com/do-adult-sites-that-are-dating-work-3/index.html]
[visiovista.com/category/best-online-dating-sites/index.html]
[visiovista.com/wp-json/oembed/1.0/embed3d7f.json]
[visiovista.com/category/best-online-dating-sites/feed/index.html]
[visiovista.com/the-lab-statement-working-example-biolog-diaries/feed/index.html]
[visiovista.com/wp-json/oembed/1.0/embede5e8]
[visiovista.com/the-lab-statement-working-example-biolog-diaries/index.html]
[visiovista.com/wp-json/oembed/1.0/embedf918.json]
[visiovista.com/want-to-know-additional-information-about-clinical-doc-instance-of-this-biolog/feed/index.html]
[visiovista.com/wp-json/oembed/1.0/embedf412]
[visiovista.com/want-to-know-additional-information-about-clinical-doc-instance-of-this-biolog/index.html]
[visiovista.com/wp-json/oembed/1.0/embed9628.json]
[visiovista.com/ways-to-get-needed-research-study-help-online-from/feed/index.html]
[visiovista.com/wp-json/oembed/1.0/embed32e4]
[visiovista.com/ways-to-get-needed-research-study-help-online-from/index.html]
[visiovista.com/category/paper-writing-help/index.html]
[visiovista.com/wp-json/oembed/1.0/embed9e59.json]
[visiovista.com/the-maximum-dismissed-resolution-for-medical-assertion-example-biolog/feed/index.html]
[visiovista.com/how-exactly-to-write-literature-reviews-for-thesis-32/index.html]
[visiovista.com/category/paper-writing-help/feed/index.html]
[visiovista.com/wp-json/oembed/1.0/embedaebe]
[visiovista.com/the-maximum-dismissed-resolution-for-medical-assertion-example-biolog/index.html]
[visiovista.com/wp-json/oembed/1.0/embed1f69.json]
[visiovista.com/main-reasons-why-more-and-more-people-will-3/feed/index.html]
[visiovista.com/wp-json/oembed/1.0/embedd648]
[visiovista.com/main-reasons-why-more-and-more-people-will-3/index.html]
[visiovista.com/category/online-custom-writers/index.html]
[visiovista.com/wp-json/oembed/1.0/embed5a0b.json]
[visiovista.com/category/online-custom-writers/feed/index.html]
[visiovista.com/new-innovative-concepts-into-clinical-assertion-scenario-biolog-in-no-way-previous-to-unveiled/feed/index.html]
[visiovista.com/wp-json/oembed/1.0/embedeea2]
[visiovista.com/new-innovative-concepts-into-clinical-assertion-scenario-biolog-in-no-way-previous-to-unveiled/index.html]
[visiovista.com/index728e.html]
[visiovista.com/index1b7d.html]
[visiovista.com/index8e0b.html]
[visiovista.com/index321c.html]
[visiovista.com/indexcfe8.html]
[visiovista.com/index9b9e.html]
[visiovista.com/index6c15.html]
[visiovista.com/indexd073.html]
[visiovista.com/index3dea.html]
[visiovista.com/indexa862.html]
[visiovista.com/category/uncategorized/page/3/index.html]
[visiovista.com/blog/page/5/index.html]
[visiovista.com/root-elements-in-supplements-south-africa-insights/index.html]
[visiovista.com/wp-json/oembed/1.0/embed9dac.json]
[visiovista.com/blog/page/6/index.html]
[visiovista.com/category/uncategorized/page/4/index.html]
[visiovista.com/the-meaning-of-essay-writer-site/index.html]
[visiovista.com/category/best-supplements/index.html]
[visiovista.com/wp-json/oembed/1.0/embed6d8f]
[visiovista.com/topmost-analysis-laboratory-insider-report-circumstance-biolog-client-critiques/index.html]
[visiovista.com/category/custom-college-papers/index.html]
[visiovista.com/how-exactly-to-write-a-beneficial-and-abstract-2/index.html]
[visiovista.com/what-specifically-varieties-of-western-guys-of-all/index.html]
[visiovista.com/to-start-with-you-may-benefit-a-person-who-owns-a/index.html]
[visiovista.com/don-t-take-risks-expect-only-students-who-purchase/index.html]
[visiovista.com/category/advices/index.html]
[visiovista.com/wp-json/oembed/1.0/embeda3fd.json]
[visiovista.com/write-my-dissertation-service-tailored-for-pupils-34/index.html]
[visiovista.com/category/writing-help-for-students/index.html]
[visiovista.com/we-operate-all-year-round-for-your-convenience/index.html]
[visiovista.com/topmost-analysis-laboratory-insider-report-circumstance-biolog-client-critiques/feed/index.html]
[visiovista.com/category/writing-services-for-students/index.html]
[visiovista.com/wp-json/oembed/1.0/embedaf23]
[visiovista.com/ruthless-clinical-assertion-instance-of-this-biolog-tips-and-techniques-exploited/index.html]
[visiovista.com/should-you-employ-a-bibliography-that-is-annotated-14/index.html]
[visiovista.com/ruthless-clinical-assertion-instance-of-this-biolog-tips-and-techniques-exploited/feed/index.html]
[visiovista.com/the-right-direction-and-a-great-deal-of-hard/feed/index.html]
[visiovista.com/wp-json/oembed/1.0/embed4237.json]
[visiovista.com/wp-json/oembed/1.0/embed0aa2]
[images.sampleforms.com/wp-content/uploads/2017/01/International-Student-Survey-Questions.jpg]
[visiovista.com/the-right-direction-and-a-great-deal-of-hard/index.html]
[visiovista.com/wp-json/oembed/1.0/embed9374.json]
[visiovista.com/the-down-side-probable-for-assist-me-with-my-essay-that-no-person-is-speaking-of/feed/index.html]
[visiovista.com/wp-json/oembed/1.0/embed8f44]
[visiovista.com/the-down-side-probable-for-assist-me-with-my-essay-that-no-person-is-speaking-of/index.html]
[visiovista.com/wp-json/oembed/1.0/embed3932.json]
[visiovista.com/very-nearly-all-you-need-to-write-better-7/feed/index.html]
[visiovista.com/wp-json/oembed/1.0/embed0c08]
[visiovista.com/very-nearly-all-you-need-to-write-better-7/index.html]
[visiovista.com/category/best-essay-writing-tips/index.html]
[visiovista.com/wp-json/oembed/1.0/embed94b6.json]
[visiovista.com/category/best-essay-writing-tips/feed/index.html]
[visiovista.com/to-buy-dissertation-on-the-web-is-easy-and-cheap/feed/index.html]
[visiovista.com/wp-json/oembed/1.0/embedad39]
[visiovista.com/to-buy-dissertation-on-the-web-is-easy-and-cheap/index.html]
[visiovista.com/category/custom-written-essays/index.html]
[visiovista.com/wp-json/oembed/1.0/embed268c.json]
[visiovista.com/category/custom-written-essays/feed/index.html]
[visiovista.com/to-be-able-to-ensure-that-we-ve-buy-an-essay/feed/index.html]
[visiovista.com/wp-json/oembed/1.0/embed0dc9]
[classconnection.s3.amazonaws.com/216/flashcards/651216/jpg/hacer_la_cama.thb1320582394285.jpg]
[visiovista.com/to-be-able-to-ensure-that-we-ve-buy-an-essay/index.html]
[visiovista.com/wp-json/oembed/1.0/embed1282.json]
[visiovista.com/you-learn-how-to-structure-the-smashing-cheap/feed/index.html]
[visiovista.com/wp-json/oembed/1.0/embedc288]
[i.pinimg.com/736x/5a/05/e8/5a05e85b7e15f9b47ec05d285f94d2b7--kindergarten-classroom-welcome-letter-from-teacher.jpg]
[visiovista.com/you-learn-how-to-structure-the-smashing-cheap/index.html]
[visiovista.com/wp-json/oembed/1.0/embedbd61.json]
[visiovista.com/what-you-may-not-learn-about-british-essay-writing/feed/index.html]
[visiovista.com/wp-json/oembed/1.0/embed958f]
[visiovista.com/what-you-may-not-learn-about-british-essay-writing/index.html]
[visiovista.com/wp-json/oembed/1.0/embed0b22.json]
[visiovista.com/the-best-way-to-obtain-the-grade-buy-argumentative/feed/index.html]
[visiovista.com/wp-json/oembed/1.0/embeddbc6]
[visiovista.com/the-best-way-to-obtain-the-grade-buy-argumentative/index.html]
[visiovista.com/category/paid-essays-for-students/index.html]
[visiovista.com/indexdd54.html]
[visiovista.com/index28bc.html]
[visiovista.com/index7255.html]
[visiovista.com/indexb645.html]
[visiovista.com/index87e8.html]
[visiovista.com/indexe3b6.html]
[visiovista.com/indexca96.html]
[visiovista.com/wp-json/oembed/1.0/embed2d58.json]
[visiovista.com/category/paid-essays-for-students/feed/index.html]
[visiovista.com/how-exactly-to-write-literature-reviews-for-thesis-32/feed/index.html]
[visiovista.com/wp-json/oembed/1.0/embedc6f5]
[visiovista.com/how-exactly-to-write-literature-reviews-for-thesis-32/index.html]
[visiovista.com/index3758.html]
[visiovista.com/indexf705.html]
[visiovista.com/index01a2.html]
[visiovista.com/category/uncategorized/page/4/index.html]
[visiovista.com/blog/page/6/index.html]
[visiovista.com/category/uncategorized/page/5/index.html]
[visiovista.com/top-body-language-tips/index.html]
[visiovista.com/blog/page/7/index.html]
[visiovista.com/use-historic-sources-when-composing-term-paper/index.html]
[visiovista.com/wp-json/oembed/1.0/embed06b9.json]
[visiovista.com/category/trust-essay-writers/index.html]
[visiovista.com/how-exactly-to-write-a-powerful-article-article-4/index.html]
[visiovista.com/wp-json/oembed/1.0/embed444b]
[visiovista.com/category/write-my-essay-help/index.html]
[visiovista.com/the-way-to-the-title-that-is-doctoral-job-goal-4/index.html]
[visiovista.com/the-meaning-of-essay-writer-site/index.html]
[visiovista.com/category/best-essay-company/index.html]
[visiovista.com/there-are-lots-of-scholarships-open-to/index.html]
[visiovista.com/how-to-utilize-toulmin-analysis-with-examples/index.html]
[visiovista.com/a-guide-to-rapid-systems-in-russian-brides-agency/index.html]
[visiovista.com/category/mail-order-russian-bride/index.html]
[visiovista.com/wp-json/oembed/1.0/embed673b]
[visiovista.com/blue-light-electronics-and-attention-injury/index.html]
[visiovista.com/steps-to-make-cash-from-home/index.html]
[visiovista.com/how-to-add-an-appendix-to-a-research-paper/index.html]
[visiovista.com/the-meaning-of-essay-writer-site/feed/index.html]
[visiovista.com/wp-json/oembed/1.0/embed2d67]
[visiovista.com/root-elements-in-supplements-south-africa-insights/feed/index.html]
[i5.walmartimages.com/asr/104ba82d-96be-41c5-a0b4-3f8568c176a1_1.08e8a64f2dbe876848c91efeff6dbb42.jpg]
[www.medindia.net/health-infographics/images/diet.jpg]
[visiovista.com/root-elements-in-supplements-south-africa-insights/index.html]
[visiovista.com/category/best-supplements/index.html]
[visiovista.com/category/best-supplements/feed/index.html]
[visiovista.com/how-exactly-to-write-a-beneficial-and-abstract-2/feed/index.html]
[visiovista.com/wp-json/oembed/1.0/embedf01d.json]
[visiovista.com/wp-json/oembed/1.0/embed141a]
[visiovista.com/how-exactly-to-write-a-beneficial-and-abstract-2/index.html]
[visiovista.com/category/custom-college-papers/index.html]
[visiovista.com/wp-json/oembed/1.0/embedb7df.json]
[visiovista.com/category/custom-college-papers/feed/index.html]
[visiovista.com/to-start-with-you-may-benefit-a-person-who-owns-a/feed/index.html]
[visiovista.com/wp-json/oembed/1.0/embed9d06]
[visiovista.com/to-start-with-you-may-benefit-a-person-who-owns-a/index.html]
[visiovista.com/wp-json/oembed/1.0/embed050b.json]
[visiovista.com/don-t-take-risks-expect-only-students-who-purchase/feed/index.html]
[visiovista.com/wp-json/oembed/1.0/embed94ec]
[visiovista.com/don-t-take-risks-expect-only-students-who-purchase/index.html]
[visiovista.com/wp-json/oembed/1.0/embedddde.json]
[visiovista.com/what-specifically-varieties-of-western-guys-of-all/feed/index.html]
[visiovista.com/wp-json/oembed/1.0/embedb89d]
[visiovista.com/what-specifically-varieties-of-western-guys-of-all/index.html]
[visiovista.com/category/advices/index.html]
[visiovista.com/wp-json/oembed/1.0/embed6aec.json]
[visiovista.com/category/advices/feed/index.html]
[visiovista.com/write-my-dissertation-service-tailored-for-pupils-34/feed/index.html]
[visiovista.com/wp-json/oembed/1.0/embed5a8a]
[visiovista.com/write-my-dissertation-service-tailored-for-pupils-34/index.html]
[visiovista.com/category/writing-help-for-students/index.html]
[visiovista.com/wp-json/oembed/1.0/embed363e.json]
[visiovista.com/category/writing-help-for-students/feed/index.html]
[visiovista.com/we-operate-all-year-round-for-your-convenience/feed/index.html]
[visiovista.com/wp-json/oembed/1.0/embed0279]
[samutsamot.files.wordpress.com/2012/12/ehc6eb.png]
[visiovista.com/we-operate-all-year-round-for-your-convenience/index.html]
[visiovista.com/wp-json/oembed/1.0/embed77c3.json]
[visiovista.com/should-you-employ-a-bibliography-that-is-annotated-14/feed/index.html]
[visiovista.com/wp-json/oembed/1.0/embedb517]
[visiovista.com/should-you-employ-a-bibliography-that-is-annotated-14/index.html]
[visiovista.com/category/writing-services-for-students/index.html]
[visiovista.com/index2c5f.html]
[visiovista.com/indexa040.html]
[visiovista.com/index8a0c.html]
[visiovista.com/index7ab1.html]
[visiovista.com/index6b92.html]
[visiovista.com/indexbbbc.html]
[visiovista.com/index778b.html]
[visiovista.com/index5657.html]
[visiovista.com/indexfe24.html]
[visiovista.com/index9d51.html]
[visiovista.com/indexb47e.html]
[visiovista.com/category/uncategorized/page/5/index.html]
[visiovista.com/blog/page/7/index.html]
[visiovista.com/category/writing-services-for-students/feed/index.html]
[visiovista.com/category/uncategorized/page/6/index.html]
[visiovista.com/blog/page/8/index.html]
[visiovista.com/category/sugar-daddy-websites/index.html]
[visiovista.com/clarifying-painless-solutions-in-juliadates/index.html]
[visiovista.com/wp-json/oembed/1.0/embededcb.json]
[visiovista.com/key-factors-of-moscow-brides-for-adults/index.html]
[visiovista.com/primarily-it-really-is-noticed-that-writers-and/index.html]
[visiovista.com/how-to-be-considered-a-leader/index.html]
[visiovista.com/wp-json/oembed/1.0/embed256c]
[visiovista.com/top-body-language-tips/index.html]
[visiovista.com/category/best-brides-for-you/index.html]
[visiovista.com/the-5-minute-rule-for-faculty-essay-modifying-support/index.html]
[visiovista.com/how-to-research-a-report-2/index.html]
[visiovista.com/clarifying-practical-your-bride-systems/index.html]
[visiovista.com/category/mail-order-brides/index.html]
[visiovista.com/wp-json/oembed/1.0/embed0b95.json]
[visiovista.com/methods-for-making-a-strategy-and-setting-goals/index.html]
[visiovista.com/how-to-compose-a-psychology-dissertation/index.html]
[visiovista.com/the-sentence-of-the-passage-says-your-topic-phrase/index.html]
[visiovista.com/top-body-language-tips/feed/index.html]
[visiovista.com/wp-json/oembed/1.0/embedc76a]
[visiovista.com/category/writing-tips/index.html]
[visiovista.com/use-historic-sources-when-composing-term-paper/feed/index.html]
[st2.depositphotos.com/1826664/8773/i/450/depositphotos_87739038-stock-photo-reviews-various-colorful-shapes.jpg]
[visiovista.com/use-historic-sources-when-composing-term-paper/index.html]
[visiovista.com/category/trust-essay-writers/index.html]
[visiovista.com/wp-json/oembed/1.0/embeda401.json]
[visiovista.com/category/trust-essay-writers/feed/index.html]
[visiovista.com/how-exactly-to-write-a-powerful-article-article-4/feed/index.html]
[visiovista.com/wp-json/oembed/1.0/embedb538]
[visiovista.com/how-exactly-to-write-a-powerful-article-article-4/index.html]
[visiovista.com/category/write-my-essay-help/index.html]
[visiovista.com/wp-json/oembed/1.0/embed7bc3.json]
[visiovista.com/category/write-my-essay-help/feed/index.html]
[visiovista.com/the-way-to-the-title-that-is-doctoral-job-goal-4/feed/index.html]
[visiovista.com/wp-json/oembed/1.0/embed96ae]
[visiovista.com/the-way-to-the-title-that-is-doctoral-job-goal-4/index.html]
[visiovista.com/category/best-essay-company/index.html]
[visiovista.com/wp-json/oembed/1.0/embed9bb8.json]
[visiovista.com/category/best-essay-company/feed/index.html]
[visiovista.com/there-are-lots-of-scholarships-open-to/feed/index.html]
[visiovista.com/wp-json/oembed/1.0/embedc251]
[visiovista.com/there-are-lots-of-scholarships-open-to/index.html]
[visiovista.com/wp-json/oembed/1.0/embed315e.json]
[visiovista.com/how-to-utilize-toulmin-analysis-with-examples/feed/index.html]
[visiovista.com/wp-json/oembed/1.0/embedc3e6]
[visiovista.com/how-to-utilize-toulmin-analysis-with-examples/index.html]
[visiovista.com/wp-json/oembed/1.0/embed1a58.json]
[visiovista.com/a-guide-to-rapid-systems-in-russian-brides-agency/feed/index.html]
[visiovista.com/wp-json/oembed/1.0/embed7868]
[4.bp.blogspot.com/-IvXTKF6lotk/Tui_LSg-LcI/AAAAAAAABAY/iHLkgN6QJ4Y/s1600/Beautiful Russian Girls Photoshoot.jpg]
[visiovista.com/a-guide-to-rapid-systems-in-russian-brides-agency/index.html]
[visiovista.com/category/mail-order-russian-bride/index.html]
[visiovista.com/category/mail-order-russian-bride/feed/index.html]
[visiovista.com/wp-json/oembed/1.0/embed952d.json]
[visiovista.com/blue-light-electronics-and-attention-injury/feed/index.html]
[visiovista.com/wp-json/oembed/1.0/embed0390]
[visiovista.com/blue-light-electronics-and-attention-injury/index.html]
[visiovista.com/wp-json/oembed/1.0/embedb75c.json]
[visiovista.com/steps-to-make-cash-from-home/feed/index.html]
[visiovista.com/wp-json/oembed/1.0/embeda8c1]
[visiovista.com/steps-to-make-cash-from-home/index.html]
[visiovista.com/wp-json/oembed/1.0/embed0348.json]
[visiovista.com/how-to-add-an-appendix-to-a-research-paper/feed/index.html]
[visiovista.com/wp-json/oembed/1.0/embedd116]
[visiovista.com/how-to-add-an-appendix-to-a-research-paper/index.html]
[visiovista.com/index6595.html]
[visiovista.com/index46de.html]
[visiovista.com/index42fe.html]
[visiovista.com/index0ecd.html]
[visiovista.com/indexc31c.html]
[visiovista.com/index4126.html]
[visiovista.com/indexe982.html]
[visiovista.com/index6c6e.html]
[visiovista.com/indexc1f6.html]
[visiovista.com/category/uncategorized/page/6/index.html]
[visiovista.com/blog/page/8/index.html]
[visiovista.com/category/uncategorized/page/7/index.html]
[visiovista.com/blog/page/9/index.html]
[visiovista.com/mormon-founder-teen-woman-14-year-aged-teen-among/index.html]
[visiovista.com/light-reviews-macbook/index.html]
[visiovista.com/wp-json/oembed/1.0/embed2d30.json]
[visiovista.com/how-to-write-a-controlled-paper/index.html]
[visiovista.com/duplicate-hunter-mikiwiki/index.html]
[visiovista.com/this-will-alert-our-moderators-to-take-actionnever/index.html]
[visiovista.com/simple-methods-to-speedup-your-previous-mac-pc/index.html]
[visiovista.com/wp-json/oembed/1.0/embedbd73]
[visiovista.com/complete-restart-of-xbox-one/index.html]
[visiovista.com/valentines-day-creative-writing-encourages-bring/index.html]
[visiovista.com/where-to-find-best-online-writing-jobs/index.html]
[visiovista.com/at-handling-these-issues-these-ideas-will-help/index.html]
[www.originalwallpapercompany.com/images/stories/virtuemart/product/resized/03004 sugar daddy.jpg]
[visiovista.com/clarifying-painless-solutions-in-juliadates/feed/index.html]
[visiovista.com/clarifying-painless-solutions-in-juliadates/index.html]
[visiovista.com/category/sugar-daddy-websites/index.html]
[visiovista.com/category/sugar-daddy-websites/feed/index.html]
[visiovista.com/wp-json/oembed/1.0/embed942f.json]
[img3.rnkr-static.com/user_node_img/50023/1000454304/C350/richmendatingsite-net-photo-u1.jpg]
[visiovista.com/primarily-it-really-is-noticed-that-writers-and/feed/index.html]
[visiovista.com/wp-json/oembed/1.0/embed3a1a]
[visiovista.com/primarily-it-really-is-noticed-that-writers-and/index.html]
[visiovista.com/wp-json/oembed/1.0/embed3c85.json]
[visiovista.com/how-to-be-considered-a-leader/feed/index.html]
[visiovista.com/wp-json/oembed/1.0/embed9435]
[visiovista.com/how-to-be-considered-a-leader/index.html]
[visiovista.com/wp-json/oembed/1.0/embed5bf7.json]
[visiovista.com/key-factors-of-moscow-brides-for-adults/feed/index.html]
[visiovista.com/wp-json/oembed/1.0/embedff45]
[i.pinimg.com/originals/c2/19/7a/c2197ab832df4e00f2009b4912ebf413.jpg]
[bride.ru/ph/phcgi/ladies/928/928685P2.jpg]
[visiovista.com/key-factors-of-moscow-brides-for-adults/index.html]
[visiovista.com/category/best-brides-for-you/index.html]
[visiovista.com/wp-json/oembed/1.0/embedecbb.json]
[visiovista.com/category/best-brides-for-you/feed/index.html]
[visiovista.com/how-to-research-a-report-2/feed/index.html]
[visiovista.com/wp-json/oembed/1.0/embedb66b]
[visiovista.com/how-to-research-a-report-2/index.html]
[visiovista.com/wp-json/oembed/1.0/embed7c6b.json]
[visiovista.com/the-5-minute-rule-for-faculty-essay-modifying-support/feed/index.html]
[visiovista.com/wp-json/oembed/1.0/embed03ef]
[visiovista.com/the-5-minute-rule-for-faculty-essay-modifying-support/index.html]
[visiovista.com/wp-json/oembed/1.0/embedc33b.json]
[visiovista.com/clarifying-practical-your-bride-systems/feed/index.html]
[visiovista.com/wp-json/oembed/1.0/embed5d2c]
[plancksconstant.org/blog1/image/saddam/ElissaAychalak.jpg]
[visiovista.com/clarifying-practical-your-bride-systems/index.html]
[visiovista.com/category/mail-order-brides/index.html]
[thumb7.shutterstock.com/display_pic_with_logo/3631946/419002831/stock-photo-outdoor-portrait-of-a-young-beautiful-fashionable-happy-lady-posing-on-a-street-of-the-old-city-419002831]
[visiovista.com/wp-json/oembed/1.0/embed676b.json]
[visiovista.com/category/mail-order-brides/feed/index.html]
[visiovista.com/how-to-compose-a-psychology-dissertation/feed/index.html]
[visiovista.com/wp-json/oembed/1.0/embed4f0e]
[visiovista.com/how-to-compose-a-psychology-dissertation/index.html]
[visiovista.com/wp-json/oembed/1.0/embedd888.json]
[visiovista.com/methods-for-making-a-strategy-and-setting-goals/feed/index.html]
[visiovista.com/wp-json/oembed/1.0/embedc493]
[visiovista.com/methods-for-making-a-strategy-and-setting-goals/index.html]
[visiovista.com/wp-json/oembed/1.0/embedb50c.json]
[visiovista.com/the-sentence-of-the-passage-says-your-topic-phrase/feed/index.html]
[visiovista.com/wp-json/oembed/1.0/embed88f5]
[image.slidesharecdn.com/research-20paper-20components-140423084234-phpapp02/95/research-paper-components-3-6384489.jpg]
[visiovista.com/the-sentence-of-the-passage-says-your-topic-phrase/index.html]
[visiovista.com/category/writing-tips/index.html]
[visiovista.com/index5442.html]
[visiovista.com/indexc7ce.html]
[visiovista.com/index2202.html]
[visiovista.com/index007a.html]
[visiovista.com/indexbdc5.html]
[visiovista.com/indexecc4.html]
[visiovista.com/indexb25f.html]
[visiovista.com/index9d87.html]
[visiovista.com/index17d3.html]
[www.aaai.org/Press/Proceedings/Covers/aaai15.html]
[visiovista.com/index5750.html]
[visiovista.com/category/uncategorized/page/7/index.html]
[visiovista.com/blog/page/9/index.html]
[visiovista.com/category/writing-tips/feed/index.html]
[visiovista.com/cache/index.html]
[visiovista.com/category/uncategorized/page/8/index.html]
[visiovista.com/today-reading-howto-clear-cache-chrome-that-is-on/index.html]
[visiovista.com/wp-json/oembed/1.0/embedf49d]
[visiovista.com/forms-of-literature/index.html]
[visiovista.com/interesting-issues-to-analyze/index.html]
[visiovista.com/money-money-money-how-did-the-money-seem/index.html]
[visiovista.com/category/all-about-online-dating/index.html]
[visiovista.com/wp-json/oembed/1.0/embedb533]
[visiovista.com/thinking-about-effective-plans-for-datingstudio/index.html]
[visiovista.com/mormon-founder-teen-woman-14-year-aged-teen-among/index.html]
[visiovista.com/mormon-founder-teen-woman-14-year-aged-teen-among/feed/index.html]
[visiovista.com/hello-world/index.html]
[visiovista.com/wp-json/oembed/1.0/embed0544.json]
[visiovista.com/light-reviews-macbook/feed/index.html]
[visiovista.com/wp-json/oembed/1.0/embed2604]
[compass-ssl.microsoft.com/assets/2e/9a/2e9a1462-bc17-43ab-96ed-550086edf90f5290.jpg]
[visiovista.com/light-reviews-macbook/index.html]
[visiovista.com/how-to-write-a-controlled-paper/feed/index.html]
[visiovista.com/wp-json/oembed/1.0/embed22ad.json]
[visiovista.com/wp-json/oembed/1.0/embed96aa]
[visiovista.com/how-to-write-a-controlled-paper/index.html]
[visiovista.com/wp-json/oembed/1.0/embed0a1f.json]
[visiovista.com/this-will-alert-our-moderators-to-take-actionnever/feed/index.html]
[visiovista.com/wp-json/oembed/1.0/embede449]
[visiovista.com/this-will-alert-our-moderators-to-take-actionnever/index.html]
[visiovista.com/wp-json/oembed/1.0/embeddaa1.json]
[visiovista.com/duplicate-hunter-mikiwiki/feed/index.html]
[visiovista.com/wp-json/oembed/1.0/embed79ee]
[visiovista.com/duplicate-hunter-mikiwiki/index.html]
[visiovista.com/wp-json/oembed/1.0/embed6d80.json]
[visiovista.com/simple-methods-to-speedup-your-previous-mac-pc/feed/index.html]
[visiovista.com/wp-json/oembed/1.0/embedced0]
[visiovista.com/simple-methods-to-speedup-your-previous-mac-pc/index.html]
[i1.wp.com/cdn.images.express.co.uk/img/dynamic/59/590x/secondary/Microsoft-Windows-10-Upgrade-Should-I-Upgrade-To-Windows-10-IS-It-Worth-It-Price-UK-Release-Date-Online-Windows-10-Op]
[visiovista.com/wp-json/oembed/1.0/embede418.json]
[visiovista.com/complete-restart-of-xbox-one/feed/index.html]
[visiovista.com/wp-json/oembed/1.0/embed7469]
[doc.alka-web.com/wordpress/wp-content/uploads/2017/02/Test_Eonet_-_Facebook_Login_-_Facebook_for_Developers.jpg]
[visiovista.com/complete-restart-of-xbox-one/index.html]
[visiovista.com/wp-json/oembed/1.0/embed1121.json]
[visiovista.com/valentines-day-creative-writing-encourages-bring/feed/index.html]
[visiovista.com/wp-json/oembed/1.0/embed25bb]
[img.aws.ehowcdn.com/intl-300m200/ds-photo/getty/article/88/181/87686508.jpg]
[visiovista.com/valentines-day-creative-writing-encourages-bring/index.html]
[visiovista.com/wp-json/oembed/1.0/embedd01c.json]
[visiovista.com/where-to-find-best-online-writing-jobs/feed/index.html]
[visiovista.com/wp-json/oembed/1.0/embedf332]
[66.media.tumblr.com/56fdafa2722f4b705e86e3810cd74c78/tumblr_nymy9m4pRC1sg4uxio1_500.jpg]
[visiovista.com/where-to-find-best-online-writing-jobs/index.html]
[visiovista.com/wp-json/oembed/1.0/embed4287.json]
[visiovista.com/at-handling-these-issues-these-ideas-will-help/feed/index.html]
[visiovista.com/wp-json/oembed/1.0/embed1b07]
[visiovista.com/at-handling-these-issues-these-ideas-will-help/index.html]
[visiovista.com/index5ff4.html]
[visiovista.com/index5604.html]
[visiovista.com/index1263.html]
[visiovista.com/indexa7b7.html]
[visiovista.com/index24eb.html]
[visiovista.com/index9e38.html]
[visiovista.com/index7398.html]
[visiovista.com/indexead8.html]
[visiovista.com/index43fc.html]
[visiovista.com/index2d8c.html]
[visiovista.com/category/uncategorized/page/8/index.html]
[visiovista.com/wp-json/oembed/1.0/embedd7bc.json]
[visiovista.com/cache/feed/index.html]
[visiovista.com/category/uncategorized/page/9/index.html]
[visiovista.com/wp-json/oembed/1.0/embed5c3c]
[www.unblockamazoninstantvideo.com/wp-content/uploads/2015/01/ipad-606766_960_720-452x300.jpg]
[visiovista.com/cache/index.html]
[visiovista.com/wp-json/oembed/1.0/embed022b.json]
[visiovista.com/today-reading-howto-clear-cache-chrome-that-is-on/feed/index.html]
[visiovista.com/wp-json/oembed/1.0/embed028e]
[visiovista.com/today-reading-howto-clear-cache-chrome-that-is-on/index.html]
[visiovista.com/wp-json/oembed/1.0/embed18cc.json]
[visiovista.com/forms-of-literature/feed/index.html]
[visiovista.com/wp-json/oembed/1.0/embedbe61]
[visiovista.com/forms-of-literature/index.html]
[visiovista.com/wp-json/oembed/1.0/embed483e.json]
[visiovista.com/interesting-issues-to-analyze/feed/index.html]
[visiovista.com/wp-json/oembed/1.0/embeddda5]
[visiovista.com/interesting-issues-to-analyze/index.html]
[visiovista.com/wp-json/oembed/1.0/embed95e2.json]
[visiovista.com/thinking-about-effective-plans-for-datingstudio/feed/index.html]
[visiovista.com/wp-json/oembed/1.0/embed2749]
[3.bp.blogspot.com/-7YBDBqMg2LM/UE2dkxnyjRI/AAAAAAAAAkM/cW-zzK8iQqk/s1600/4954517-young-couple-in-love-under-rain.jpg]
[images.rapgenius.com/c8113223af45e9ad76758d1fcce561fb.490x492x1.png]
[visiovista.com/thinking-about-effective-plans-for-datingstudio/index.html]
[visiovista.com/category/all-about-online-dating/index.html]
[visiovista.com/category/all-about-online-dating/feed/index.html]
[visiovista.com/wp-json/oembed/1.0/embed4716.json]
[visiovista.com/money-money-money-how-did-the-money-seem/feed/index.html]
[visiovista.com/wp-json/oembed/1.0/embed0344]
[visiovista.com/money-money-money-how-did-the-money-seem/index.html]
[visiovista.com/wp-json/oembed/1.0/embedc838.json]
[visiovista.com/hello-world/feed/index.html]
[visiovista.com/wp-json/oembed/1.0/embedf9a6]
[visiovista.com/hello-world/index.html]
[visiovista.com/index802e.html]
[visiovista.com/index51fe.html]
[visiovista.com/index40e6.html]
[visiovista.com/indexe8d3.html]
[visiovista.com/indexc351.html]
[visiovista.com/index9d24.html]
[visiovista.com/index2e25.html]
[visiovista.com/hello-world/index6809.html]
[visiovista.com/indexd8bc.html]
[visiovista.com/index2e64.html]
[visiovista.com/index0dc6.html]
[visiovista.com/category/uncategorized/page/9/index.html]
[visiovista.com/index2023.html]
[visiovista.com/index42a9.html]
[visiovista.com/index6905.html]
[visiovista.com/index0ed6.html]
[visiovista.com/index7414.html]
[visiovista.com/indexc182.html]
[visiovista.com/indexcff1.html]
[visiovista.com/category/uncategorized/page/10/index.html]
[visiovista.com/wp-includes/js/jquery/jqueryb8ff.js]
[visiovista.com/wp-includes/js/jquery/jquery-migrate.min330a.js]
[visiovista.com/wp-content/plugins/social-pug/assets/js/front-enda721.js]
[visiovista.com/hello-world/index6809.html]
[visiovista.com/category/uncategorized/page/10/index.html]
[visiovista.com/wp-content/themes/Divi/core/admin/fonts/modules.ttf]
[visiovista.com/wp-content/themes/Divi/core/admin/fonts/modules.woff]
[visiovista.com/wp-content/themes/Divi/style41fe.css]
[visiovista.com/wp-content/themes/Divi/epanel/shortcodes/css/shortcodes41fe.css]
[visiovista.com/wp-content/themes/Divi/epanel/shortcodes/css/shortcodes_responsive41fe.css]
[visiovista.com/wp-content/themes/Divi/includes/builder/styles/magnific_popup41fe.css]
[visiovista.com/wp-content/themes/Divi/core/admin/fonts/modules.svg]
